[0.015s] Invoking command in '/home/brian/mark-1/build/mycobot_320pi_bringup': CMAKE_PREFIX_PATH=/opt/ros/humble /usr/bin/cmake /home/brian/mark-1/brain_pc/src/mycobot_320pi_bringup -DCMAKE_INSTALL_PREFIX=/home/brian/mark-1/install/mycobot_320pi_bringup
[0.212s] -- The C compiler identification is GNU 11.4.0
[0.354s] -- The CXX compiler identification is GNU 11.4.0
[0.367s] -- Detecting C compiler ABI info
[0.448s] -- Detecting C compiler ABI info - done
[0.460s] -- Check for working C compiler: /usr/bin/cc - skipped
[0.461s] -- Detecting C compile features
[0.461s] -- Detecting C compile features - done
[0.466s] -- Detecting CXX compiler ABI info
[0.559s] -- Detecting CXX compiler ABI info - done
[0.574s] -- Check for working CXX compiler: /usr/bin/c++ - skipped
[0.574s] -- Detecting CXX compile features
[0.575s] -- Detecting CXX compile features - done
[0.581s] -- Found ament_cmake: 1.3.12 (/opt/ros/humble/share/ament_cmake/cmake)
[0.755s] -- Found Python3: /usr/bin/python3 (found version "3.10.12") found components: Interpreter 
[0.948s] -- Configuring done
[0.951s] -- Generating done
[0.953s] -- Build files have been written to: /home/brian/mark-1/build/mycobot_320pi_bringup
[0.959s] Invoked command in '/home/brian/mark-1/build/mycobot_320pi_bringup' returned '0': CMAKE_PREFIX_PATH=/opt/ros/humble /usr/bin/cmake /home/brian/mark-1/brain_pc/src/mycobot_320pi_bringup -DCMAKE_INSTALL_PREFIX=/home/brian/mark-1/install/mycobot_320pi_bringup
[0.961s] Invoking command in '/home/brian/mark-1/build/mycobot_320pi_bringup': CMAKE_PREFIX_PATH=/opt/ros/humble /usr/bin/cmake --build /home/brian/mark-1/build/mycobot_320pi_bringup -- -j16 -l16
[1.006s] Invoked command in '/home/brian/mark-1/build/mycobot_320pi_bringup' returned '0': CMAKE_PREFIX_PATH=/opt/ros/humble /usr/bin/cmake --build /home/brian/mark-1/build/mycobot_320pi_bringup -- -j16 -l16
[1.017s] Invoking command in '/home/brian/mark-1/build/mycobot_320pi_bringup': CMAKE_PREFIX_PATH=/opt/ros/humble /usr/bin/cmake --install /home/brian/mark-1/build/mycobot_320pi_bringup
[1.030s] -- Install configuration: ""
[1.031s] -- Installing: /home/brian/mark-1/install/mycobot_320pi_bringup/share/mycobot_320pi_bringup/launch
[1.031s] -- Installing: /home/brian/mark-1/install/mycobot_320pi_bringup/share/mycobot_320pi_bringup/launch/mycobot_320pi_real.launch.py
[1.031s] -- Installing: /home/brian/mark-1/install/mycobot_320pi_bringup/share/mycobot_320pi_bringup/launch/dual_cameras.launch.py
[1.032s] -- Installing: /home/brian/mark-1/install/mycobot_320pi_bringup/share/ament_index/resource_index/package_run_dependencies/mycobot_320pi_bringup
[1.033s] -- Installing: /home/brian/mark-1/install/mycobot_320pi_bringup/share/ament_index/resource_index/parent_prefix_path/mycobot_320pi_bringup
[1.033s] -- Installing: /home/brian/mark-1/install/mycobot_320pi_bringup/share/mycobot_320pi_bringup/environment/ament_prefix_path.sh
[1.033s] -- Installing: /home/brian/mark-1/install/mycobot_320pi_bringup/share/mycobot_320pi_bringup/environment/ament_prefix_path.dsv
[1.034s] -- Installing: /home/brian/mark-1/install/mycobot_320pi_bringup/share/mycobot_320pi_bringup/environment/path.sh
[1.034s] -- Installing: /home/brian/mark-1/install/mycobot_320pi_bringup/share/mycobot_320pi_bringup/environment/path.dsv
[1.034s] -- Installing: /home/brian/mark-1/install/mycobot_320pi_bringup/share/mycobot_320pi_bringup/local_setup.bash
[1.034s] -- Installing: /home/brian/mark-1/install/mycobot_320pi_bringup/share/mycobot_320pi_bringup/local_setup.sh
[1.035s] -- Installing: /home/brian/mark-1/install/mycobot_320pi_bringup/share/mycobot_320pi_bringup/local_setup.zsh
[1.035s] -- Installing: /home/brian/mark-1/install/mycobot_320pi_bringup/share/mycobot_320pi_bringup/local_setup.dsv
[1.035s] -- Installing: /home/brian/mark-1/install/mycobot_320pi_bringup/share/mycobot_320pi_bringup/package.dsv
[1.035s] -- Installing: /home/brian/mark-1/install/mycobot_320pi_bringup/share/ament_index/resource_index/packages/mycobot_320pi_bringup
[1.036s] -- Installing: /home/brian/mark-1/install/mycobot_320pi_bringup/share/mycobot_320pi_bringup/cmake/mycobot_320pi_bringupConfig.cmake
[1.036s] -- Installing: /home/brian/mark-1/install/mycobot_320pi_bringup/share/mycobot_320pi_bringup/cmake/mycobot_320pi_bringupConfig-version.cmake
[1.036s] -- Installing: /home/brian/mark-1/install/mycobot_320pi_bringup/share/mycobot_320pi_bringup/package.xml
[1.038s] Invoked command in '/home/brian/mark-1/build/mycobot_320pi_bringup' returned '0': CMAKE_PREFIX_PATH=/opt/ros/humble /usr/bin/cmake --install /home/brian/mark-1/build/mycobot_320pi_bringup
