[0.015s] Invoking command in '/home/brian/mark-1/build/mycobot_320pi_controller': CMAKE_PREFIX_PATH=/opt/ros/humble /usr/bin/cmake /home/brian/mark-1/brain_pc/src/mycobot_320pi_controller -DCMAKE_INSTALL_PREFIX=/home/brian/mark-1/install/mycobot_320pi_controller
[0.207s] -- The C compiler identification is GNU 11.4.0
[0.351s] -- The CXX compiler identification is GNU 11.4.0
[0.363s] -- Detecting C compiler ABI info
[0.444s] -- Detecting C compiler ABI info - done
[0.457s] -- Check for working C compiler: /usr/bin/cc - skipped
[0.458s] -- Detecting C compile features
[0.458s] -- Detecting C compile features - done
[0.463s] -- Detecting CXX compiler ABI info
[0.562s] -- Detecting CXX compiler ABI info - done
[0.571s] -- Check for working CXX compiler: /usr/bin/c++ - skipped
[0.571s] -- Detecting CXX compile features
[0.571s] -- Detecting CXX compile features - done
[0.575s] -- Found ament_cmake: 1.3.12 (/opt/ros/humble/share/ament_cmake/cmake)
[0.743s] -- Found Python3: /usr/bin/python3 (found version "3.10.12") found components: Interpreter 
[0.862s] -- Found trajectory_msgs: 4.9.0 (/opt/ros/humble/share/trajectory_msgs/cmake)
[0.916s] -- Found rosidl_generator_c: 3.1.8 (/opt/ros/humble/share/rosidl_generator_c/cmake)
[0.925s] -- Found rosidl_adapter: 3.1.8 (/opt/ros/humble/share/rosidl_adapter/cmake)
[0.943s] -- Found rosidl_generator_cpp: 3.1.8 (/opt/ros/humble/share/rosidl_generator_cpp/cmake)
[0.962s] -- Using all available rosidl_typesupport_c: rosidl_typesupport_fastrtps_c;rosidl_typesupport_introspection_c
[0.986s] -- Using all available rosidl_typesupport_cpp: rosidl_typesupport_fastrtps_cpp;rosidl_typesupport_introspection_cpp
[1.070s] -- Found sensor_msgs: 4.9.0 (/opt/ros/humble/share/sensor_msgs/cmake)
[1.094s] -- Found rclcpp: 16.0.17 (/opt/ros/humble/share/rclcpp/cmake)
[1.182s] -- Found rmw_implementation_cmake: 6.1.2 (/opt/ros/humble/share/rmw_implementation_cmake/cmake)
[1.191s] -- Found rmw_fastrtps_cpp: 6.2.9 (/opt/ros/humble/share/rmw_fastrtps_cpp/cmake)
[1.380s] -- Found OpenSSL: /usr/lib/x86_64-linux-gnu/libcrypto.so (found version "3.0.2")  
[1.429s] -- Found FastRTPS: /opt/ros/humble/include  
[1.480s] -- Using RMW implementation 'rmw_fastrtps_cpp' as default
[1.507s] -- Looking for pthread.h
[1.647s] -- Looking for pthread.h - found
[1.647s] -- Performing Test CMAKE_HAVE_LIBC_PTHREAD
[1.738s] -- Performing Test CMAKE_HAVE_LIBC_PTHREAD - Success
[1.740s] -- Found Threads: TRUE  
[1.803s] -- Found rclpy: 3.3.19 (/opt/ros/humble/share/rclpy/cmake)
[1.805s] -- Found hardware_interface: 2.53.0 (/opt/ros/humble/share/hardware_interface/cmake)
[1.950s] -- Found PkgConfig: /usr/bin/pkg-config (found version "0.29.2") 
[1.954s] -- Found nlohmann_json: /usr/lib/cmake/nlohmann_json/nlohmann_jsonConfig.cmake (found version "3.10.5") 
[1.955s] -- Checking for module 'libserial'
[1.958s] --   No package 'libserial' found
[2.120s] -- Configuring done
[2.145s] -- Generating done
[2.155s] -- Build files have been written to: /home/brian/mark-1/build/mycobot_320pi_controller
[2.165s] Invoked command in '/home/brian/mark-1/build/mycobot_320pi_controller' returned '0': CMAKE_PREFIX_PATH=/opt/ros/humble /usr/bin/cmake /home/brian/mark-1/brain_pc/src/mycobot_320pi_controller -DCMAKE_INSTALL_PREFIX=/home/brian/mark-1/install/mycobot_320pi_controller
[2.168s] Invoking command in '/home/brian/mark-1/build/mycobot_320pi_controller': CMAKE_PREFIX_PATH=/opt/ros/humble /usr/bin/cmake --build /home/brian/mark-1/build/mycobot_320pi_controller -- -j16 -l16
[2.230s] [ 25%] [32mBuilding CXX object CMakeFiles/slider_control.dir/src/slider_control.cpp.o[0m
[2.232s] [ 50%] [32mBuilding CXX object CMakeFiles/mycobot_320pi_controller.dir/src/mycobot_320pi_interface.cpp.o[0m
[2.240s] [ 50%] Built target ament_cmake_python_copy_mycobot_320pi_controller
[2.521s] running egg_info
[2.522s] creating mycobot_320pi_controller.egg-info
[2.522s] writing mycobot_320pi_controller.egg-info/PKG-INFO
[2.522s] writing dependency_links to mycobot_320pi_controller.egg-info/dependency_links.txt
[2.522s] writing top-level names to mycobot_320pi_controller.egg-info/top_level.txt
[2.523s] writing manifest file 'mycobot_320pi_controller.egg-info/SOURCES.txt'
[2.525s] reading manifest file 'mycobot_320pi_controller.egg-info/SOURCES.txt'
[2.525s] writing manifest file 'mycobot_320pi_controller.egg-info/SOURCES.txt'
[2.556s] [ 50%] Built target ament_cmake_python_build_mycobot_320pi_controller_egg
[10.990s] [ 75%] [32m[1mLinking CXX executable slider_control[0m
[11.427s] [ 75%] Built target slider_control
[11.585s] [100%] [32m[1mLinking CXX shared library libmycobot_320pi_controller.so[0m
[12.146s] [100%] Built target mycobot_320pi_controller
[12.166s] Invoked command in '/home/brian/mark-1/build/mycobot_320pi_controller' returned '0': CMAKE_PREFIX_PATH=/opt/ros/humble /usr/bin/cmake --build /home/brian/mark-1/build/mycobot_320pi_controller -- -j16 -l16
[12.168s] Invoking command in '/home/brian/mark-1/build/mycobot_320pi_controller': CMAKE_PREFIX_PATH=/opt/ros/humble /usr/bin/cmake --install /home/brian/mark-1/build/mycobot_320pi_controller
[12.180s] -- Install configuration: ""
[12.180s] -- Installing: /home/brian/mark-1/install/mycobot_320pi_controller/share/mycobot_320pi_controller/mycobot_320pi_controller.xml
[12.181s] -- Installing: /home/brian/mark-1/install/mycobot_320pi_controller/share/mycobot_320pi_controller/environment/pythonpath.sh
[12.181s] -- Installing: /home/brian/mark-1/install/mycobot_320pi_controller/share/mycobot_320pi_controller/environment/pythonpath.dsv
[12.181s] -- Installing: /home/brian/mark-1/install/mycobot_320pi_controller/local/lib/python3.10/dist-packages/mycobot_320pi_controller-0.0.0-py3.10.egg-info
[12.181s] -- Installing: /home/brian/mark-1/install/mycobot_320pi_controller/local/lib/python3.10/dist-packages/mycobot_320pi_controller-0.0.0-py3.10.egg-info/PKG-INFO
[12.181s] -- Installing: /home/brian/mark-1/install/mycobot_320pi_controller/local/lib/python3.10/dist-packages/mycobot_320pi_controller-0.0.0-py3.10.egg-info/SOURCES.txt
[12.182s] -- Installing: /home/brian/mark-1/install/mycobot_320pi_controller/local/lib/python3.10/dist-packages/mycobot_320pi_controller-0.0.0-py3.10.egg-info/top_level.txt
[12.182s] -- Installing: /home/brian/mark-1/install/mycobot_320pi_controller/local/lib/python3.10/dist-packages/mycobot_320pi_controller-0.0.0-py3.10.egg-info/dependency_links.txt
[12.182s] -- Installing: /home/brian/mark-1/install/mycobot_320pi_controller/local/lib/python3.10/dist-packages/mycobot_320pi_controller
[12.182s] -- Installing: /home/brian/mark-1/install/mycobot_320pi_controller/local/lib/python3.10/dist-packages/mycobot_320pi_controller/__init__.py
[12.182s] -- Installing: /home/brian/mark-1/install/mycobot_320pi_controller/local/lib/python3.10/dist-packages/mycobot_320pi_controller/slider_control.py
[12.220s] Listing '/home/brian/mark-1/install/mycobot_320pi_controller/local/lib/python3.10/dist-packages/mycobot_320pi_controller'...
[12.220s] Compiling '/home/brian/mark-1/install/mycobot_320pi_controller/local/lib/python3.10/dist-packages/mycobot_320pi_controller/__init__.py'...
[12.221s] Compiling '/home/brian/mark-1/install/mycobot_320pi_controller/local/lib/python3.10/dist-packages/mycobot_320pi_controller/slider_control.py'...
[12.225s] -- Installing: /home/brian/mark-1/install/mycobot_320pi_controller/lib/mycobot_320pi_controller/slider_control
[12.233s] -- Set runtime path of "/home/brian/mark-1/install/mycobot_320pi_controller/lib/mycobot_320pi_controller/slider_control" to ""
[12.234s] -- Installing: /home/brian/mark-1/install/mycobot_320pi_controller/lib/libmycobot_320pi_controller.so
[12.256s] -- Set runtime path of "/home/brian/mark-1/install/mycobot_320pi_controller/lib/libmycobot_320pi_controller.so" to ""
[12.256s] -- Installing: /home/brian/mark-1/install/mycobot_320pi_controller/include/include
[12.256s] -- Installing: /home/brian/mark-1/install/mycobot_320pi_controller/include/include/mycobot_320pi_controller
[12.257s] -- Installing: /home/brian/mark-1/install/mycobot_320pi_controller/include/include/mycobot_320pi_controller/mycobot_320pi_interface.hpp
[12.257s] -- Installing: /home/brian/mark-1/install/mycobot_320pi_controller/share/mycobot_320pi_controller/launch
[12.257s] -- Installing: /home/brian/mark-1/install/mycobot_320pi_controller/share/mycobot_320pi_controller/launch/controller.launch.py
[12.258s] -- Installing: /home/brian/mark-1/install/mycobot_320pi_controller/share/mycobot_320pi_controller/launch/slider_controller.launch.py
[12.258s] -- Installing: /home/brian/mark-1/install/mycobot_320pi_controller/share/mycobot_320pi_controller/config
[12.259s] -- Installing: /home/brian/mark-1/install/mycobot_320pi_controller/share/mycobot_320pi_controller/config/speed_params.yaml
[12.259s] -- Installing: /home/brian/mark-1/install/mycobot_320pi_controller/share/mycobot_320pi_controller/config/mycobot_320pi_controllers.yaml
[12.260s] -- Installing: /home/brian/mark-1/install/mycobot_320pi_controller/lib/mycobot_320pi_controller/slider_control.py
[12.260s] -- Installing: /home/brian/mark-1/install/mycobot_320pi_controller/lib/mycobot_320pi_controller/motion_smoothing.py
[12.261s] -- Installing: /home/brian/mark-1/install/mycobot_320pi_controller/share/mycobot_320pi_controller/environment/library_path.sh
[12.261s] -- Installing: /home/brian/mark-1/install/mycobot_320pi_controller/share/mycobot_320pi_controller/environment/library_path.dsv
[12.262s] -- Installing: /home/brian/mark-1/install/mycobot_320pi_controller/share/ament_index/resource_index/package_run_dependencies/mycobot_320pi_controller
[12.262s] -- Installing: /home/brian/mark-1/install/mycobot_320pi_controller/share/ament_index/resource_index/parent_prefix_path/mycobot_320pi_controller
[12.262s] -- Installing: /home/brian/mark-1/install/mycobot_320pi_controller/share/mycobot_320pi_controller/environment/ament_prefix_path.sh
[12.263s] -- Installing: /home/brian/mark-1/install/mycobot_320pi_controller/share/mycobot_320pi_controller/environment/ament_prefix_path.dsv
[12.263s] -- Installing: /home/brian/mark-1/install/mycobot_320pi_controller/share/mycobot_320pi_controller/environment/path.sh
[12.263s] -- Installing: /home/brian/mark-1/install/mycobot_320pi_controller/share/mycobot_320pi_controller/environment/path.dsv
[12.264s] -- Installing: /home/brian/mark-1/install/mycobot_320pi_controller/share/mycobot_320pi_controller/local_setup.bash
[12.264s] -- Installing: /home/brian/mark-1/install/mycobot_320pi_controller/share/mycobot_320pi_controller/local_setup.sh
[12.264s] -- Installing: /home/brian/mark-1/install/mycobot_320pi_controller/share/mycobot_320pi_controller/local_setup.zsh
[12.264s] -- Installing: /home/brian/mark-1/install/mycobot_320pi_controller/share/mycobot_320pi_controller/local_setup.dsv
[12.265s] -- Installing: /home/brian/mark-1/install/mycobot_320pi_controller/share/mycobot_320pi_controller/package.dsv
[12.265s] -- Installing: /home/brian/mark-1/install/mycobot_320pi_controller/share/ament_index/resource_index/packages/mycobot_320pi_controller
[12.265s] -- Installing: /home/brian/mark-1/install/mycobot_320pi_controller/share/ament_index/resource_index/hardware_interface__pluginlib__plugin/mycobot_320pi_controller
[12.265s] -- Installing: /home/brian/mark-1/install/mycobot_320pi_controller/share/mycobot_320pi_controller/cmake/ament_cmake_export_include_directories-extras.cmake
[12.266s] -- Installing: /home/brian/mark-1/install/mycobot_320pi_controller/share/mycobot_320pi_controller/cmake/ament_cmake_export_libraries-extras.cmake
[12.266s] -- Installing: /home/brian/mark-1/install/mycobot_320pi_controller/share/mycobot_320pi_controller/cmake/ament_cmake_export_dependencies-extras.cmake
[12.266s] -- Installing: /home/brian/mark-1/install/mycobot_320pi_controller/share/mycobot_320pi_controller/cmake/mycobot_320pi_controllerConfig.cmake
[12.266s] -- Installing: /home/brian/mark-1/install/mycobot_320pi_controller/share/mycobot_320pi_controller/cmake/mycobot_320pi_controllerConfig-version.cmake
[12.266s] -- Installing: /home/brian/mark-1/install/mycobot_320pi_controller/share/mycobot_320pi_controller/package.xml
[12.270s] Invoked command in '/home/brian/mark-1/build/mycobot_320pi_controller' returned '0': CMAKE_PREFIX_PATH=/opt/ros/humble /usr/bin/cmake --install /home/brian/mark-1/build/mycobot_320pi_controller
