[0.011s] Invoking command in '/home/brian/mark-1/build/mycobot_320pi_moveit': AMENT_PREFIX_PATH=/home/brian/mark-1/install/mycobot_320pi_description:${AMENT_PREFIX_PATH} CMAKE_PREFIX_PATH=/home/brian/mark-1/install/mycobot_320pi_description:/opt/ros/humble /usr/bin/cmake /home/brian/mark-1/brain_pc/src/mycobot_320pi_moveit -DCMAKE_INSTALL_PREFIX=/home/brian/mark-1/install/mycobot_320pi_moveit
[0.081s] -- The C compiler identification is GNU 11.4.0
[0.142s] -- The CXX compiler identification is GNU 11.4.0
[0.154s] -- Detecting C compiler ABI info
[0.245s] -- Detecting C compiler ABI info - done
[0.259s] -- Check for working C compiler: /usr/bin/cc - skipped
[0.260s] -- Detecting C compile features
[0.260s] -- Detecting C compile features - done
[0.266s] -- Detecting CXX compiler ABI info
[0.370s] -- Detecting CXX compiler ABI info - done
[0.379s] -- Check for working CXX compiler: /usr/bin/c++ - skipped
[0.379s] -- Detecting CXX compile features
[0.380s] -- Detecting CXX compile features - done
[0.383s] -- Found ament_cmake: 1.3.12 (/opt/ros/humble/share/ament_cmake/cmake)
[0.554s] -- Found Python3: /usr/bin/python3 (found version "3.10.12") found components: Interpreter 
[0.729s] -- Configuring done
[0.734s] -- Generating done
[0.737s] -- Build files have been written to: /home/brian/mark-1/build/mycobot_320pi_moveit
[0.742s] Invoked command in '/home/brian/mark-1/build/mycobot_320pi_moveit' returned '0': AMENT_PREFIX_PATH=/home/brian/mark-1/install/mycobot_320pi_description:${AMENT_PREFIX_PATH} CMAKE_PREFIX_PATH=/home/brian/mark-1/install/mycobot_320pi_description:/opt/ros/humble /usr/bin/cmake /home/brian/mark-1/brain_pc/src/mycobot_320pi_moveit -DCMAKE_INSTALL_PREFIX=/home/brian/mark-1/install/mycobot_320pi_moveit
[0.744s] Invoking command in '/home/brian/mark-1/build/mycobot_320pi_moveit': AMENT_PREFIX_PATH=/home/brian/mark-1/install/mycobot_320pi_description:${AMENT_PREFIX_PATH} CMAKE_PREFIX_PATH=/home/brian/mark-1/install/mycobot_320pi_description:/opt/ros/humble /usr/bin/cmake --build /home/brian/mark-1/build/mycobot_320pi_moveit -- -j16 -l16
[0.794s] Invoked command in '/home/brian/mark-1/build/mycobot_320pi_moveit' returned '0': AMENT_PREFIX_PATH=/home/brian/mark-1/install/mycobot_320pi_description:${AMENT_PREFIX_PATH} CMAKE_PREFIX_PATH=/home/brian/mark-1/install/mycobot_320pi_description:/opt/ros/humble /usr/bin/cmake --build /home/brian/mark-1/build/mycobot_320pi_moveit -- -j16 -l16
[0.796s] Invoking command in '/home/brian/mark-1/build/mycobot_320pi_moveit': AMENT_PREFIX_PATH=/home/brian/mark-1/install/mycobot_320pi_description:${AMENT_PREFIX_PATH} CMAKE_PREFIX_PATH=/home/brian/mark-1/install/mycobot_320pi_description:/opt/ros/humble /usr/bin/cmake --install /home/brian/mark-1/build/mycobot_320pi_moveit
[0.805s] -- Install configuration: ""
[0.805s] -- Installing: /home/brian/mark-1/install/mycobot_320pi_moveit/share/ament_index/resource_index/package_run_dependencies/mycobot_320pi_moveit
[0.805s] -- Installing: /home/brian/mark-1/install/mycobot_320pi_moveit/share/ament_index/resource_index/parent_prefix_path/mycobot_320pi_moveit
[0.806s] -- Installing: /home/brian/mark-1/install/mycobot_320pi_moveit/share/mycobot_320pi_moveit/environment/ament_prefix_path.sh
[0.806s] -- Installing: /home/brian/mark-1/install/mycobot_320pi_moveit/share/mycobot_320pi_moveit/environment/ament_prefix_path.dsv
[0.806s] -- Installing: /home/brian/mark-1/install/mycobot_320pi_moveit/share/mycobot_320pi_moveit/environment/path.sh
[0.806s] -- Installing: /home/brian/mark-1/install/mycobot_320pi_moveit/share/mycobot_320pi_moveit/environment/path.dsv
[0.806s] -- Installing: /home/brian/mark-1/install/mycobot_320pi_moveit/share/mycobot_320pi_moveit/local_setup.bash
[0.807s] -- Installing: /home/brian/mark-1/install/mycobot_320pi_moveit/share/mycobot_320pi_moveit/local_setup.sh
[0.807s] -- Installing: /home/brian/mark-1/install/mycobot_320pi_moveit/share/mycobot_320pi_moveit/local_setup.zsh
[0.807s] -- Installing: /home/brian/mark-1/install/mycobot_320pi_moveit/share/mycobot_320pi_moveit/local_setup.dsv
[0.807s] -- Installing: /home/brian/mark-1/install/mycobot_320pi_moveit/share/mycobot_320pi_moveit/package.dsv
[0.808s] -- Installing: /home/brian/mark-1/install/mycobot_320pi_moveit/share/ament_index/resource_index/packages/mycobot_320pi_moveit
[0.808s] -- Installing: /home/brian/mark-1/install/mycobot_320pi_moveit/share/mycobot_320pi_moveit/cmake/mycobot_320pi_moveitConfig.cmake
[0.808s] -- Installing: /home/brian/mark-1/install/mycobot_320pi_moveit/share/mycobot_320pi_moveit/cmake/mycobot_320pi_moveitConfig-version.cmake
[0.808s] -- Installing: /home/brian/mark-1/install/mycobot_320pi_moveit/share/mycobot_320pi_moveit/package.xml
[0.808s] -- Installing: /home/brian/mark-1/install/mycobot_320pi_moveit/share/mycobot_320pi_moveit/launch
[0.808s] -- Installing: /home/brian/mark-1/install/mycobot_320pi_moveit/share/mycobot_320pi_moveit/launch/spawn_controllers.launch.py
[0.809s] -- Installing: /home/brian/mark-1/install/mycobot_320pi_moveit/share/mycobot_320pi_moveit/launch/moveit_rviz.launch.py
[0.809s] -- Installing: /home/brian/mark-1/install/mycobot_320pi_moveit/share/mycobot_320pi_moveit/launch/warehouse_db.launch.py
[0.809s] -- Installing: /home/brian/mark-1/install/mycobot_320pi_moveit/share/mycobot_320pi_moveit/launch/move_group.launch.py
[0.809s] -- Installing: /home/brian/mark-1/install/mycobot_320pi_moveit/share/mycobot_320pi_moveit/launch/setup_assistant.launch.py
[0.810s] -- Installing: /home/brian/mark-1/install/mycobot_320pi_moveit/share/mycobot_320pi_moveit/launch/demo.launch.py
[0.810s] -- Installing: /home/brian/mark-1/install/mycobot_320pi_moveit/share/mycobot_320pi_moveit/launch/static_virtual_joint_tfs.launch.py
[0.811s] -- Installing: /home/brian/mark-1/install/mycobot_320pi_moveit/share/mycobot_320pi_moveit/launch/rsp.launch.py
[0.811s] -- Installing: /home/brian/mark-1/install/mycobot_320pi_moveit/share/mycobot_320pi_moveit/config
[0.811s] -- Installing: /home/brian/mark-1/install/mycobot_320pi_moveit/share/mycobot_320pi_moveit/config/initial_positions.yaml
[0.811s] -- Installing: /home/brian/mark-1/install/mycobot_320pi_moveit/share/mycobot_320pi_moveit/config/planning_python_api.yaml
[0.811s] -- Installing: /home/brian/mark-1/install/mycobot_320pi_moveit/share/mycobot_320pi_moveit/config/mycobot_320pi.srdf
[0.812s] -- Installing: /home/brian/mark-1/install/mycobot_320pi_moveit/share/mycobot_320pi_moveit/config/pilz_cartesian_limits.yaml
[0.812s] -- Installing: /home/brian/mark-1/install/mycobot_320pi_moveit/share/mycobot_320pi_moveit/config/moveit_controllers.yaml
[0.812s] -- Installing: /home/brian/mark-1/install/mycobot_320pi_moveit/share/mycobot_320pi_moveit/config/joint_limits.yaml
[0.812s] -- Installing: /home/brian/mark-1/install/mycobot_320pi_moveit/share/mycobot_320pi_moveit/config/kinematics.yaml
[0.813s] -- Installing: /home/brian/mark-1/install/mycobot_320pi_moveit/share/mycobot_320pi_moveit/config/moveit.rviz
[0.813s] -- Installing: /home/brian/mark-1/install/mycobot_320pi_moveit/share/mycobot_320pi_moveit/.setup_assistant
[0.816s] Invoked command in '/home/brian/mark-1/build/mycobot_320pi_moveit' returned '0': AMENT_PREFIX_PATH=/home/brian/mark-1/install/mycobot_320pi_description:${AMENT_PREFIX_PATH} CMAKE_PREFIX_PATH=/home/brian/mark-1/install/mycobot_320pi_description:/opt/ros/humble /usr/bin/cmake --install /home/brian/mark-1/build/mycobot_320pi_moveit
